#-----------------------------------------------------------
# Vivado v2018.2.2 (64-bit)
# SW Build 2348494 on Mon Oct  1 18:25:44 MDT 2018
# IP Build 2318053 on Mon Oct  1 21:44:26 MDT 2018
# Start of session at: Mon Apr 26 15:06:31 2021
# Process ID: 7416
# Current directory: C:/Users/L03068681/Contacts/Desktop/LabDigitales9-main/LabDigitales9-main
# Command line: vivado.exe -gui_launcher_event rodinguilauncherevent4692 C:\Users\L03068681\Contacts\Desktop\LabDigitales9-main\LabDigitales9-main\Practica9.xpr
# Log file: C:/Users/L03068681/Contacts/Desktop/LabDigitales9-main/LabDigitales9-main/vivado.log
# Journal file: C:/Users/L03068681/Contacts/Desktop/LabDigitales9-main/LabDigitales9-main\vivado.jou
#-----------------------------------------------------------
start_gui
open_project C:/Users/L03068681/Contacts/Desktop/LabDigitales9-main/LabDigitales9-main/Practica9.xpr
update_compile_order -fileset sources_1
reset_run synth_1
launch_runs impl_1 -to_step write_bitstream -jobs 4
wait_on_run impl_1
open_hw
connect_hw_server
open_hw_target
set_property PROGRAM.FILE {C:/Users/L03068681/Contacts/Desktop/LabDigitales9-main/LabDigitales9-main/Practica9.runs/impl_1/main.bit} [get_hw_devices xc7a100t_0]
current_hw_device [get_hw_devices xc7a100t_0]
refresh_hw_device -update_hw_probes false [lindex [get_hw_devices xc7a100t_0] 0]
set_property PROBES.FILE {} [get_hw_devices xc7a100t_0]
set_property FULL_PROBES.FILE {} [get_hw_devices xc7a100t_0]
set_property PROGRAM.FILE {C:/Users/L03068681/Contacts/Desktop/LabDigitales9-main/LabDigitales9-main/Practica9.runs/impl_1/main.bit} [get_hw_devices xc7a100t_0]
program_hw_devices [get_hw_devices xc7a100t_0]
refresh_hw_device [lindex [get_hw_devices xc7a100t_0] 0]
set_property PROBES.FILE {} [get_hw_devices xc7a100t_0]
set_property FULL_PROBES.FILE {} [get_hw_devices xc7a100t_0]
set_property PROGRAM.FILE {C:/Users/L03068681/Contacts/Desktop/LabDigitales9-main/LabDigitales9-main/Practica9.runs/impl_1/main.bit} [get_hw_devices xc7a100t_0]
program_hw_devices [get_hw_devices xc7a100t_0]
refresh_hw_device [lindex [get_hw_devices xc7a100t_0] 0]
set_property PROBES.FILE {} [get_hw_devices xc7a100t_0]
set_property FULL_PROBES.FILE {} [get_hw_devices xc7a100t_0]
set_property PROGRAM.FILE {C:/Users/L03068681/Contacts/Desktop/LabDigitales9-main/LabDigitales9-main/Practica9.runs/impl_1/main.bit} [get_hw_devices xc7a100t_0]
program_hw_devices [get_hw_devices xc7a100t_0]
refresh_hw_device [lindex [get_hw_devices xc7a100t_0] 0]
reset_run impl_1 -prev_step 
launch_runs impl_1 -to_step write_bitstream -jobs 4
wait_on_run impl_1
open_run impl_1
set_property PROBES.FILE {} [get_hw_devices xc7a100t_0]
set_property FULL_PROBES.FILE {} [get_hw_devices xc7a100t_0]
set_property PROGRAM.FILE {C:/Users/L03068681/Contacts/Desktop/LabDigitales9-main/LabDigitales9-main/Practica9.runs/impl_1/main.bit} [get_hw_devices xc7a100t_0]
program_hw_devices [get_hw_devices xc7a100t_0]
refresh_hw_device [lindex [get_hw_devices xc7a100t_0] 0]
